beslut: desktop 13515 ovf false err 0 | mobile 18111 ovf false err 0
blockbibliotek: desktop 12399 ovf false err 0 | mobile 17558 ovf false err 0
grunder-farg: desktop 18856 ovf false err 0 | mobile 27746 ovf false err 0
grunder-form-djup: desktop 9575 ovf false err 0 | mobile 12860 ovf false err 0
grunder-ornament: desktop 7599 ovf false err 0 | mobile 13154 ovf false err 0
grunder-rorelse: desktop 8204 ovf false err 0 | mobile 14162 ovf false err 0
grunder-spacing: desktop 9576 ovf false err 0 | mobile 11934 ovf false err 0
grunder-typografi: desktop 9903 ovf false err 0 | mobile 12540 ovf false err 0
index: desktop 4878 ovf false err 0 | mobile 7981 ovf false err 0
kod: desktop 6789 ovf false err 0 | mobile 10791 ovf false err 0
komponenter-block: desktop 66596 ovf false err 0 | mobile 84493 ovf false err 0
komponenter-diagnostik: desktop 22997 ovf false err 0 | mobile 28214 ovf false err 0
komponenter-falt: desktop 13751 ovf false err 0 | mobile 16928 ovf false err 0
komponenter-index: desktop 8412 ovf false err 0 | mobile 15458 ovf false err 0
komponenter-knappar: desktop 8543 ovf false err 0 | mobile 10950 ovf false err 0
komponenter-text: desktop 9524 ovf false err 0 | mobile 11817 ovf false err 0
komponenter-verktyg: desktop 24277 ovf false err 0 | mobile 30505 ovf false err 0
komponenter-ytor: desktop 11451 ovf false err 0 | mobile 11868 ovf false err 0
monster-layoutfamiljer: desktop 6383 ovf false err 0 | mobile 8677 ovf false err 0
monster-mobil: desktop 7382 ovf false err 0 | mobile 9276 ovf false err 0
monster-register: desktop 3270 ovf false err 0 | mobile 4514 ovf false err 0
monster-tjanstesida: desktop 5421 ovf false err 0 | mobile 7159 ovf false err 0
regler-ai-tells: desktop 4123 ovf false err 0 | mobile 6305 ovf false err 0
regler-candour: desktop 4691 ovf false err 0 | mobile 7302 ovf false err 0
regler-rost-i-ui: desktop 4662 ovf false err 0 | mobile 6071 ovf false err 0
regler-tillganglighet: desktop 6091 ovf false err 0 | mobile 7739 ovf false err 0
